../Middlewares/freertos-can-driver-master/freertos-can-driver.c:12:13:freertosDummy_func	4	static
../Middlewares/freertos-can-driver-master/freertos-can-driver.c:17:6:freertosCanDriverInit	64	static,ignoring_inline_asm
../Middlewares/freertos-can-driver-master/freertos-can-driver.c:79:6:freertosCanDeviceInit	16	static
../Middlewares/freertos-can-driver-master/freertos-can-driver.c:87:6:freertosCanDriverDeviceReg	16	static
../Middlewares/freertos-can-driver-master/freertos-can-driver.c:94:6:freertosCanDriverSetTransmitProcedure	16	static
../Middlewares/freertos-can-driver-master/freertos-can-driver.c:101:6:freertosCanDriverSetIsCanTxAvailableProcedure	16	static
../Middlewares/freertos-can-driver-master/freertos-can-driver.c:108:6:freertosCanDriverSetFrameParser	16	static
../Middlewares/freertos-can-driver-master/freertos-can-driver.c:114:6:freertosCanDriverSetGetTickFunc	16	static
../Middlewares/freertos-can-driver-master/freertos-can-driver.c:119:9:freertosCanDriverSendFrame	24	static
../Middlewares/freertos-can-driver-master/freertos-can-driver.c:144:13:canTransmitThread	56	static
../Middlewares/freertos-can-driver-master/freertos-can-driver.c:191:13:canRecieveThread	56	static
../Middlewares/freertos-can-driver-master/freertos-can-driver.c:227:13:periodicDriverThread	32	static
