../Core/Src/rmdx8pro.c:15:6:gyemsDeviceInit	16	static
../Core/Src/rmdx8pro.c:24:6:gyemsDevicePreop	16	static
../Core/Src/rmdx8pro.c:34:6:gyemsDevicePreopToOp	16	static
../Core/Src/rmdx8pro.c:55:6:gyemsDeviceOp	16	static
../Core/Src/rmdx8pro.c:70:6:gyemsDeviceFault	16	static
../Core/Src/rmdx8pro.c:81:6:GYEMSDeviceInit	24	static
../Core/Src/rmdx8pro.c:97:6:deviceAppProcess	24	static
../Core/Src/rmdx8pro.c:105:6:GYEMSFrameParser	24	static
../Core/Src/rmdx8pro.c:193:6:GYEMSDeviceReadPidDataCmd	80	static
../Core/Src/rmdx8pro.c:220:6:GYEMSDeviceSendPidDataToRAMCmd	80	static
../Core/Src/rmdx8pro.c:253:6:GYEMSDeviceSendPidDataToROMCmd	80	static
../Core/Src/rmdx8pro.c:279:6:GYEMSDeviceReadAccelDataCmd	80	static
../Core/Src/rmdx8pro.c:307:6:GYEMSDeviceSendAccelDataToRAMCmd	80	static
../Core/Src/rmdx8pro.c:336:6:GYEMSDeviceReadEncoderDataCmd	80	static
../Core/Src/rmdx8pro.c:365:6:GYEMSDeviceWriteEncoderOffsetCmd	80	static
../Core/Src/rmdx8pro.c:394:6:GYEMSDeviceWriteCurrPosToROMAsZero	80	static
../Core/Src/rmdx8pro.c:422:6:GYEMSDeviceReadMultiTurnAngle	80	static
../Core/Src/rmdx8pro.c:450:6:GYEMSDeviceReadSingleCircleAngle	80	static
../Core/Src/rmdx8pro.c:478:6:GYEMSDeviceMotorOffCmd	80	static
../Core/Src/rmdx8pro.c:506:6:GYEMSDeviceMotorStopCmd	80	static
../Core/Src/rmdx8pro.c:534:9:GYEMSDeviceMotorRunCmd	80	static
../Core/Src/rmdx8pro.c:570:6:GYEMSDeviceReadMotorStatus1AndErr	80	static
../Core/Src/rmdx8pro.c:598:6:GYEMSDeviceSystemOperationModeAcquisition	80	static
../Core/Src/rmdx8pro.c:626:6:GYEMSDeviceClearMotorErrFlagCmd	80	static
../Core/Src/rmdx8pro.c:654:6:GYEMSDeviceReadMotorStatus2	80	static
../Core/Src/rmdx8pro.c:682:6:GYEMSDeviceReadMotorStatus3	80	static
../Core/Src/rmdx8pro.c:710:6:GYEMSDeviceTorqueCurrControlCmd	88	static
../Core/Src/rmdx8pro.c:743:6:GYEMSDeviceSpeedControlCmd	88	static
../Core/Src/rmdx8pro.c:773:6:GYEMSDevicePositionControlCmd1	88	static
../Core/Src/rmdx8pro.c:803:6:GYEMSDevicePositionControlCmd2	96	static
../Core/Src/rmdx8pro.c:833:6:GYEMSDevicePositionControlCmd3	96	static
../Core/Src/rmdx8pro.c:865:6:GYEMSDevicePositionControlCmd4	96	static
../Core/Src/rmdx8pro.c:898:6:readPidDataPacketCallback	16	static
../Core/Src/rmdx8pro.c:902:6:writePidToRamPacketCallback	16	static
../Core/Src/rmdx8pro.c:906:6:writePidToROMPacketCallback	16	static
../Core/Src/rmdx8pro.c:910:6:readAccelDataPacketCallback	16	static
../Core/Src/rmdx8pro.c:914:6:writeAccelDataPacketCallback	16	static
../Core/Src/rmdx8pro.c:918:6:readEncoderDataPacketCallback	16	static
../Core/Src/rmdx8pro.c:922:6:writeEncoderOffsetPacketCallback	16	static
../Core/Src/rmdx8pro.c:926:6:writeCurrPosToROMAsZeroPacketCallback	16	static
../Core/Src/rmdx8pro.c:930:6:readMultiTurnPosPacketCallback	16	static
../Core/Src/rmdx8pro.c:934:6:readSingleCircleAnglePacketCallback	16	static
../Core/Src/rmdx8pro.c:938:6:readMotorStatus1AndErrPacketCallback	24	static
../Core/Src/rmdx8pro.c:945:6:clearMotorErrFlagPacketCallback	16	static
../Core/Src/rmdx8pro.c:949:6:readMotorStatus2PacketCallback	16	static
../Core/Src/rmdx8pro.c:953:6:readMotorStatus3PacketCallback	16	static
../Core/Src/rmdx8pro.c:957:6:motorOffPacketCallback	16	static
../Core/Src/rmdx8pro.c:961:6:motorStopPacketCallback	16	static
../Core/Src/rmdx8pro.c:965:6:motorRunningPacketCallback	16	static
../Core/Src/rmdx8pro.c:969:6:torqueClosedLoopCMDPacketCallback	24	static
../Core/Src/rmdx8pro.c:978:6:speedClosedLoopCMDPacketCallback	24	static
../Core/Src/rmdx8pro.c:987:6:positionClosedLoopCMD1PacketCallback	16	static
../Core/Src/rmdx8pro.c:991:6:positionClosedLoopCMD2PacketCallback	16	static
../Core/Src/rmdx8pro.c:995:6:positionClosedLoopCMD3PacketCallback	16	static
../Core/Src/rmdx8pro.c:999:6:positionClosedLoopCMD4PacketCallback	16	static
