../Middlewares/myactuator-rmd-can-develop/gyems-can-device.c:35:6:GYEMSDeviceInit	48	static,ignoring_inline_asm
../Middlewares/myactuator-rmd-can-develop/gyems-can-device.c:66:6:deviceAppProcess	24	static,ignoring_inline_asm
../Middlewares/myactuator-rmd-can-develop/gyems-can-device.c:81:6:GYEMSFrameParser	24	static
../Middlewares/myactuator-rmd-can-develop/gyems-can-device.c:178:6:GYEMSDeviceReadPidDataCmd	32	static
../Middlewares/myactuator-rmd-can-develop/gyems-can-device.c:197:6:GYEMSDeviceSendPidDataToRAMCmd	32	static
../Middlewares/myactuator-rmd-can-develop/gyems-can-device.c:222:6:GYEMSDeviceSendPidDataToROMCmd	32	static
../Middlewares/myactuator-rmd-can-develop/gyems-can-device.c:247:6:GYEMSDeviceReadAccelDataCmd	32	static
../Middlewares/myactuator-rmd-can-develop/gyems-can-device.c:266:6:GYEMSDeviceSendAccelDataToRAMCmd	32	static
../Middlewares/myactuator-rmd-can-develop/gyems-can-device.c:286:6:GYEMSDeviceReadEncoderDataCmd	32	static
../Middlewares/myactuator-rmd-can-develop/gyems-can-device.c:305:6:GYEMSDeviceWriteEncoderOffsetCmd	32	static
../Middlewares/myactuator-rmd-can-develop/gyems-can-device.c:324:6:GYEMSDeviceWriteCurrPosToROMAsZero	32	static
../Middlewares/myactuator-rmd-can-develop/gyems-can-device.c:343:6:GYEMSDeviceReadMultiTurnAngle	32	static
../Middlewares/myactuator-rmd-can-develop/gyems-can-device.c:362:6:GYEMSDeviceReadSingleCircleAngle	32	static
../Middlewares/myactuator-rmd-can-develop/gyems-can-device.c:381:6:GYEMSDeviceMotorOffCmd	32	static
../Middlewares/myactuator-rmd-can-develop/gyems-can-device.c:400:6:GYEMSDeviceMotorStopCmd	32	static
../Middlewares/myactuator-rmd-can-develop/gyems-can-device.c:419:9:GYEMSDeviceMotorRunCmd	32	static
../Middlewares/myactuator-rmd-can-develop/gyems-can-device.c:438:9:GYEMSDeviceReadMotorStatus1AndErr	32	static
../Middlewares/myactuator-rmd-can-develop/gyems-can-device.c:457:9:GYEMSDeviceSystemOperationModeAcquisition	32	static
../Middlewares/myactuator-rmd-can-develop/gyems-can-device.c:476:6:GYEMSDeviceClearMotorErrFlagCmd	32	static
../Middlewares/myactuator-rmd-can-develop/gyems-can-device.c:495:6:GYEMSDeviceReadMotorStatus2	32	static
../Middlewares/myactuator-rmd-can-develop/gyems-can-device.c:514:6:GYEMSDeviceReadMotorStatus3	32	static
../Middlewares/myactuator-rmd-can-develop/gyems-can-device.c:533:9:GYEMSDeviceTorqueCurrControlCmd	32	static
../Middlewares/myactuator-rmd-can-develop/gyems-can-device.c:555:6:GYEMSDeviceSpeedControlCmd	32	static
../Middlewares/myactuator-rmd-can-develop/gyems-can-device.c:576:6:GYEMSDevicePositionControlCmd1	32	static
../Middlewares/myactuator-rmd-can-develop/gyems-can-device.c:597:6:GYEMSDevicePositionControlCmd2	48	static
../Middlewares/myactuator-rmd-can-develop/gyems-can-device.c:619:6:GYEMSDevicePositionControlCmd3	48	static,ignoring_inline_asm
../Middlewares/myactuator-rmd-can-develop/gyems-can-device.c:642:6:GYEMSDevicePositionControlCmd4	48	static,ignoring_inline_asm
../Middlewares/myactuator-rmd-can-develop/gyems-can-device.c:667:6:readPidDataPacketCallback	16	static
../Middlewares/myactuator-rmd-can-develop/gyems-can-device.c:671:6:writePidToRamPacketCallback	16	static
../Middlewares/myactuator-rmd-can-develop/gyems-can-device.c:675:6:writePidToROMPacketCallback	16	static
../Middlewares/myactuator-rmd-can-develop/gyems-can-device.c:679:6:readAccelDataPacketCallback	16	static
../Middlewares/myactuator-rmd-can-develop/gyems-can-device.c:683:6:writeAccelDataPacketCallback	16	static
../Middlewares/myactuator-rmd-can-develop/gyems-can-device.c:687:6:readEncoderDataPacketCallback	16	static
../Middlewares/myactuator-rmd-can-develop/gyems-can-device.c:691:6:writeEncoderOffsetPacketCallback	16	static
../Middlewares/myactuator-rmd-can-develop/gyems-can-device.c:695:6:writeCurrPosToROMAsZeroPacketCallback	16	static
../Middlewares/myactuator-rmd-can-develop/gyems-can-device.c:699:6:readMultiTurnPosPacketCallback	16	static
../Middlewares/myactuator-rmd-can-develop/gyems-can-device.c:703:6:readSingleCircleAnglePacketCallback	16	static
../Middlewares/myactuator-rmd-can-develop/gyems-can-device.c:707:6:readMotorStatus1AndErrPacketCallback	24	static
../Middlewares/myactuator-rmd-can-develop/gyems-can-device.c:714:6:clearMotorErrFlagPacketCallback	16	static
../Middlewares/myactuator-rmd-can-develop/gyems-can-device.c:718:6:readMotorStatus2PacketCallback	16	static
../Middlewares/myactuator-rmd-can-develop/gyems-can-device.c:722:6:readMotorStatus3PacketCallback	16	static
../Middlewares/myactuator-rmd-can-develop/gyems-can-device.c:726:6:motorOffPacketCallback	16	static
../Middlewares/myactuator-rmd-can-develop/gyems-can-device.c:730:6:motorStopPacketCallback	16	static
../Middlewares/myactuator-rmd-can-develop/gyems-can-device.c:734:6:motorRunningPacketCallback	16	static
../Middlewares/myactuator-rmd-can-develop/gyems-can-device.c:738:6:torqueClosedLoopCMDPacketCallback	24	static
../Middlewares/myactuator-rmd-can-develop/gyems-can-device.c:747:6:speedClosedLoopCMDPacketCallback	24	static
../Middlewares/myactuator-rmd-can-develop/gyems-can-device.c:756:6:positionClosedLoopCMD1PacketCallback	16	static
../Middlewares/myactuator-rmd-can-develop/gyems-can-device.c:760:6:positionClosedLoopCMD2PacketCallback	16	static
../Middlewares/myactuator-rmd-can-develop/gyems-can-device.c:764:6:positionClosedLoopCMD3PacketCallback	16	static
../Middlewares/myactuator-rmd-can-develop/gyems-can-device.c:768:6:positionClosedLoopCMD4PacketCallback	16	static
